============================= test session starts =============================
platform win32 -- Python 3.11.12, pytest-9.0.2, pluggy-1.6.0 -- C:\Users\himan\OneDrive\Documents\brain_vault\backend\.venv\Scripts\python.exe
cachedir: .pytest_cache
rootdir: C:\Users\himan\OneDrive\Documents\brain_vault\backend
configfile: pyproject.toml
plugins: anyio-4.12.1, langsmith-0.6.0
collecting ... collected 2 items

tests/test_protections.py::test_guardrails_input_too_long FAILED         [ 50%]
tests/test_protections.py::test_budget_check_rejection FAILED            [100%]

================================== FAILURES ===================================
_______________________ test_guardrails_input_too_long ________________________
async def functions are not natively supported.
You need to install a suitable plugin for your async framework, for example:
  - anyio
  - pytest-asyncio
  - pytest-tornasync
  - pytest-trio
  - pytest-twisted
_________________________ test_budget_check_rejection _________________________
async def functions are not natively supported.
You need to install a suitable plugin for your async framework, for example:
  - anyio
  - pytest-asyncio
  - pytest-tornasync
  - pytest-trio
  - pytest-twisted
============================== warnings summary ===============================
app\db\base.py:3
  C:\Users\himan\OneDrive\Documents\brain_vault\backend\app\db\base.py:3: MovedIn20Warning: The ``declarative_base()`` function is now available as sqlalchemy.orm.declarative_base(). (deprecated since: 2.0) (Background on SQLAlchemy 2.0 at: https://sqlalche.me/e/b8d9)
    Base = declarative_base()

app\schemas\user.py:19
  C:\Users\himan\OneDrive\Documents\brain_vault\backend\app\schemas\user.py:19: PydanticDeprecatedSince20: Support for class-based `config` is deprecated, use ConfigDict instead. Deprecated in Pydantic V2.0 to be removed in V3.0. See Pydantic V2 Migration Guide at https://errors.pydantic.dev/2.12/migration/
    class UserInDBBase(UserBase):

app\schemas\document.py:13
  C:\Users\himan\OneDrive\Documents\brain_vault\backend\app\schemas\document.py:13: PydanticDeprecatedSince20: Support for class-based `config` is deprecated, use ConfigDict instead. Deprecated in Pydantic V2.0 to be removed in V3.0. See Pydantic V2 Migration Guide at https://errors.pydantic.dev/2.12/migration/
    class DocumentInDBBase(DocumentBase):

app\schemas\document.py:34
  C:\Users\himan\OneDrive\Documents\brain_vault\backend\app\schemas\document.py:34: PydanticDeprecatedSince20: Support for class-based `config` is deprecated, use ConfigDict instead. Deprecated in Pydantic V2.0 to be removed in V3.0. See Pydantic V2 Migration Guide at https://errors.pydantic.dev/2.12/migration/
    class Chunk(ChunkBase):

.venv\Lib\site-packages\httplib2\auth.py:19
  C:\Users\himan\OneDrive\Documents\brain_vault\backend\.venv\Lib\site-packages\httplib2\auth.py:19: DeprecationWarning: 'setName' deprecated - use 'set_name'
    token = pp.Word(tchar).setName("token")

.venv\Lib\site-packages\httplib2\auth.py:20
  C:\Users\himan\OneDrive\Documents\brain_vault\backend\.venv\Lib\site-packages\httplib2\auth.py:20: DeprecationWarning: 'leaveWhitespace' deprecated - use 'leave_whitespace'
    token68 = pp.Combine(pp.Word("-._~+/" + pp.nums + pp.alphas) + pp.Optional(pp.Word("=").leaveWhitespace())).setName(

.venv\Lib\site-packages\httplib2\auth.py:20
  C:\Users\himan\OneDrive\Documents\brain_vault\backend\.venv\Lib\site-packages\httplib2\auth.py:20: DeprecationWarning: 'setName' deprecated - use 'set_name'
    token68 = pp.Combine(pp.Word("-._~+/" + pp.nums + pp.alphas) + pp.Optional(pp.Word("=").leaveWhitespace())).setName(

.venv\Lib\site-packages\httplib2\auth.py:24
  C:\Users\himan\OneDrive\Documents\brain_vault\backend\.venv\Lib\site-packages\httplib2\auth.py:24: DeprecationWarning: 'setName' deprecated - use 'set_name'
    quoted_string = pp.dblQuotedString.copy().setName("quoted-string").setParseAction(unquote)

.venv\Lib\site-packages\httplib2\auth.py:24
  C:\Users\himan\OneDrive\Documents\brain_vault\backend\.venv\Lib\site-packages\httplib2\auth.py:24: DeprecationWarning: 'setParseAction' deprecated - use 'set_parse_action'
    quoted_string = pp.dblQuotedString.copy().setName("quoted-string").setParseAction(unquote)

.venv\Lib\site-packages\httplib2\auth.py:25
  C:\Users\himan\OneDrive\Documents\brain_vault\backend\.venv\Lib\site-packages\httplib2\auth.py:25: DeprecationWarning: 'setName' deprecated - use 'set_name'
    auth_param_name = token.copy().setName("auth-param-name").addParseAction(downcaseTokens)

.venv\Lib\site-packages\httplib2\auth.py:25
  C:\Users\himan\OneDrive\Documents\brain_vault\backend\.venv\Lib\site-packages\httplib2\auth.py:25: DeprecationWarning: 'addParseAction' deprecated - use 'add_parse_action'
    auth_param_name = token.copy().setName("auth-param-name").addParseAction(downcaseTokens)

.venv\Lib\site-packages\httplib2\auth.py:27
  C:\Users\himan\OneDrive\Documents\brain_vault\backend\.venv\Lib\site-packages\httplib2\auth.py:27: DeprecationWarning: 'delimitedList' deprecated - use 'DelimitedList'
    params = pp.Dict(pp.delimitedList(pp.Group(auth_param)))

.venv\Lib\site-packages\httplib2\auth.py:33
  C:\Users\himan\OneDrive\Documents\brain_vault\backend\.venv\Lib\site-packages\httplib2\auth.py:33: DeprecationWarning: 'delimitedList' deprecated - use 'DelimitedList'
    www_authenticate = pp.delimitedList(pp.Group(challenge))

app\services\llm_service.py:9
  C:\Users\himan\OneDrive\Documents\brain_vault\backend\app\services\llm_service.py:9: FutureWarning: 
  
  All support for the `google.generativeai` package has ended. It will no longer be receiving 
  updates or bug fixes. Please switch to the `google.genai` package as soon as possible.
  See README for more details:
  
  https://github.com/google-gemini/deprecated-generative-ai-python/blob/main/README.md
  
    import google.generativeai as genai

app\routers\documents.py:460
  C:\Users\himan\OneDrive\Documents\brain_vault\backend\app\routers\documents.py:460: PydanticDeprecatedSince20: Support for class-based `config` is deprecated, use ConfigDict instead. Deprecated in Pydantic V2.0 to be removed in V3.0. See Pydantic V2 Migration Guide at https://errors.pydantic.dev/2.12/migration/
    class ChunkSchema(BaseModel):

app\schemas\memory.py:18
  C:\Users\himan\OneDrive\Documents\brain_vault\backend\app\schemas\memory.py:18: PydanticDeprecatedSince20: Support for class-based `config` is deprecated, use ConfigDict instead. Deprecated in Pydantic V2.0 to be removed in V3.0. See Pydantic V2 Migration Guide at https://errors.pydantic.dev/2.12/migration/
    class MemoryInDBBase(MemoryBase):

app\routers\chat_api.py:43
  C:\Users\himan\OneDrive\Documents\brain_vault\backend\app\routers\chat_api.py:43: PydanticDeprecatedSince20: Support for class-based `config` is deprecated, use ConfigDict instead. Deprecated in Pydantic V2.0 to be removed in V3.0. See Pydantic V2 Migration Guide at https://errors.pydantic.dev/2.12/migration/
    class ChatSessionResponse(BaseModel):

app\routers\chat_api.py:62
  C:\Users\himan\OneDrive\Documents\brain_vault\backend\app\routers\chat_api.py:62: PydanticDeprecatedSince20: Support for class-based `config` is deprecated, use ConfigDict instead. Deprecated in Pydantic V2.0 to be removed in V3.0. See Pydantic V2 Migration Guide at https://errors.pydantic.dev/2.12/migration/
    class ChatMessageResponse(BaseModel):

app\routers\user_api_keys.py:18
  C:\Users\himan\OneDrive\Documents\brain_vault\backend\app\routers\user_api_keys.py:18: PydanticDeprecatedSince20: Support for class-based `config` is deprecated, use ConfigDict instead. Deprecated in Pydantic V2.0 to be removed in V3.0. See Pydantic V2 Migration Guide at https://errors.pydantic.dev/2.12/migration/
    class ApiKeyResponse(BaseModel):

app\main.py:72
  C:\Users\himan\OneDrive\Documents\brain_vault\backend\app\main.py:72: DeprecationWarning: 
          on_event is deprecated, use lifespan event handlers instead.
  
          Read more about it in the
          [FastAPI docs for Lifespan Events](https://fastapi.tiangolo.com/advanced/events/).
          
    @app.on_event("startup")

.venv\Lib\site-packages\fastapi\applications.py:4576
  C:\Users\himan\OneDrive\Documents\brain_vault\backend\.venv\Lib\site-packages\fastapi\applications.py:4576: DeprecationWarning: 
          on_event is deprecated, use lifespan event handlers instead.
  
          Read more about it in the
          [FastAPI docs for Lifespan Events](https://fastapi.tiangolo.com/advanced/events/).
          
    return self.router.on_event(event_type)

tests\test_protections.py:28
  C:\Users\himan\OneDrive\Documents\brain_vault\backend\tests\test_protections.py:28: PytestUnknownMarkWarning: Unknown pytest.mark.asyncio - is this a typo?  You can register custom marks to avoid this warning - for details, see https://docs.pytest.org/en/stable/how-to/mark.html
    @pytest.mark.asyncio

tests\test_protections.py:39
  C:\Users\himan\OneDrive\Documents\brain_vault\backend\tests\test_protections.py:39: PytestUnknownMarkWarning: Unknown pytest.mark.asyncio - is this a typo?  You can register custom marks to avoid this warning - for details, see https://docs.pytest.org/en/stable/how-to/mark.html
    @pytest.mark.asyncio

-- Docs: https://docs.pytest.org/en/stable/how-to/capture-warnings.html
=========================== short test summary info ===========================
FAILED tests/test_protections.py::test_guardrails_input_too_long - Failed: as...
FAILED tests/test_protections.py::test_budget_check_rejection - Failed: async...
======================= 2 failed, 23 warnings in 16.11s =======================
