uv : C:\Users\himan\OneDrive\Documents\brain_vault\backend\
app\services\llm_service.py:9: FutureWarning: 
At line:1 char:1
+ uv run python test_predicate_logic.py > test_output.txt 
2>&1
+ ~~~~~~~~~~~~~~~~~~~~~~~~~~~~~~~~~~~~~~~~~~~~~~~~~~~~~~~~~
~~~
    + CategoryInfo          : NotSpecified: (C:\Users\hima 
   n\...FutureWarning: :String) [], RemoteException
    + FullyQualifiedErrorId : NativeCommandError
 

All support for the `google.generativeai` package has 
ended. It will no longer be receiving 
updates or bug fixes. Please switch to the `google.genai` 
package as soon as possible.
See README for more details:

https://github.com/google-gemini/deprecated-generative-ai-p
ython/blob/main/README.md

  import google.generativeai as genai
--- Testing Hop Classification ---
Query: 'Where do I live?' -> Hop: SINGLE
Query: 'Who replaced the CEO and then resigned?' -> Hop: MULTI

--- Testing Predicate Extraction (Rule-Based) ---
Query: 'Where do I live?' -> Predicates: {'lives_in'}
  [PASS] Found 'lives_in'
Query: 'Who is my employer?' -> Predicates: {'worked_at', 'works_at', 'job_title'}
  [PASS] Found 'works_at'
Query: 'Where was I born?' -> Predicates: {'born_in'}
  [PASS] Found 'born_in'
Query: 'Who am I married to?' -> Predicates: {'married_to'}
  [PASS] Found 'married_to'
Query: 'What job do I have?' -> Predicates: {'worked_at', 'works_at', 'job_title', 'owns'}
  [PASS] Found 'job_title'
Query: 'Where did I move to?' -> Predicates: {'moved_to'}
  [PASS] Found 'moved_to'
Query: 'Who is my friend?' -> Predicates: {'friends_with'}
  [PASS] Found 'friends_with'
Query: 'What do I own?' -> Predicates: {'owns'}
  [PASS] Found 'owns'
Query: 'What did I achieve?' -> Predicates: {'achieved'}
  [PASS] Found 'achieved'
Query: 'When did I join?' -> Predicates: {'joined'}
  [PASS] Found 'joined'
Query: 'When did I leave?' -> Predicates: set()
  [FAIL] Expected 'left'
Query: 'Where am I from?' -> Predicates: {'from'}
  [PASS] Found 'from'
Query: 'Where is it located?' -> Predicates: {'located_in'}
  [PASS] Found 'located_in'
Query: 'Who is my partner?' -> Predicates: {'partner_of'}
  [PASS] Found 'partner_of'

--- Testing Predicate Extraction (LLM Fallback) ---
Query: 'Where do I hang my hat?'
  -> Predicates: set()
  [WARN] LLM might not have identified 'lives_in' or returned something else.
